[INFO] Scanning for projects...
[INFO] 
[INFO] --------------------< com.mycompany:ventacontrolfx >--------------------
[INFO] Building ventacontrolfx 1.0
[INFO]   from pom.xml
[INFO] --------------------------------[ jar ]---------------------------------
[WARNING] 6 problems were encountered while building the effective model for org.openjfx:javafx-controls:jar:21 during dependency collection step for project (use -X to see details)
[INFO] 
[INFO] --- clean:3.2.0:clean (default-clean) @ ventacontrolfx ---
[INFO] Deleting C:\Users\practicassoftware1\Documents\NetBeansProjects\VentaControlFX\target
[INFO] 
[INFO] --- resources:3.3.1:resources (default-resources) @ ventacontrolfx ---
[INFO] Copying 66 resources from src\main\resources to target\classes
[INFO] 
[INFO] --- compiler:3.10.1:compile (default-compile) @ ventacontrolfx ---
[INFO] Changes detected - recompiling the module!
[INFO] Compiling 165 source files to C:\Users\practicassoftware1\Documents\NetBeansProjects\VentaControlFX\target\classes
[INFO] /C:/Users/practicassoftware1/Documents/NetBeansProjects/VentaControlFX/src/main/java/com/mycompany/ventacontrolfx/presentation/controller/SellerReportController.java: C:\Users\practicassoftware1\Documents\NetBeansProjects\VentaControlFX\src\main\java\com\mycompany\ventacontrolfx\presentation\controller\SellerReportController.java uses unchecked or unsafe operations.
[INFO] /C:/Users/practicassoftware1/Documents/NetBeansProjects/VentaControlFX/src/main/java/com/mycompany/ventacontrolfx/presentation/controller/SellerReportController.java: Recompile with -Xlint:unchecked for details.
[INFO] -------------------------------------------------------------
[ERROR] COMPILATION ERROR : 
[INFO] -------------------------------------------------------------
[ERROR] /C:/Users/practicassoftware1/Documents/NetBeansProjects/VentaControlFX/src/main/java/com/mycompany/ventacontrolfx/presentation/controller/CustomizationController.java:[130,13] cannot find symbol
  symbol:   variable cpPrimary
  location: class com.mycompany.ventacontrolfx.presentation.controller.CustomizationController
[ERROR] /C:/Users/practicassoftware1/Documents/NetBeansProjects/VentaControlFX/src/main/java/com/mycompany/ventacontrolfx/presentation/controller/CustomizationController.java:[131,13] cannot find symbol
  symbol:   variable cpPrimary
  location: class com.mycompany.ventacontrolfx.presentation.controller.CustomizationController
[ERROR] /C:/Users/practicassoftware1/Documents/NetBeansProjects/VentaControlFX/src/main/java/com/mycompany/ventacontrolfx/presentation/controller/CustomizationController.java:[167,25] cannot find symbol
  symbol:   variable cpPrimary
  location: class com.mycompany.ventacontrolfx.presentation.controller.CustomizationController
[ERROR] /C:/Users/practicassoftware1/Documents/NetBeansProjects/VentaControlFX/src/main/java/com/mycompany/ventacontrolfx/presentation/controller/CustomizationController.java:[211,37] cannot find symbol
  symbol:   variable cpPrimary
  location: class com.mycompany.ventacontrolfx.presentation.controller.CustomizationController
[ERROR] /C:/Users/practicassoftware1/Documents/NetBeansProjects/VentaControlFX/src/main/java/com/mycompany/ventacontrolfx/presentation/controller/CustomizationController.java:[211,58] cannot find symbol
  symbol:   variable cpPrimary
  location: class com.mycompany.ventacontrolfx.presentation.controller.CustomizationController
[ERROR] /C:/Users/practicassoftware1/Documents/NetBeansProjects/VentaControlFX/src/main/java/com/mycompany/ventacontrolfx/presentation/controller/CustomizationController.java:[215,33] cannot find symbol
  symbol:   variable cpPrimary
  location: class com.mycompany.ventacontrolfx.presentation.controller.CustomizationController
[ERROR] /C:/Users/practicassoftware1/Documents/NetBeansProjects/VentaControlFX/src/main/java/com/mycompany/ventacontrolfx/presentation/controller/CustomizationController.java:[220,13] cannot find symbol
  symbol:   variable cpPrimary
  location: class com.mycompany.ventacontrolfx.presentation.controller.CustomizationController
[ERROR] /C:/Users/practicassoftware1/Documents/NetBeansProjects/VentaControlFX/src/main/java/com/mycompany/ventacontrolfx/presentation/controller/CustomizationController.java:[221,45] cannot find symbol
  symbol:   variable cpPrimary
  location: class com.mycompany.ventacontrolfx.presentation.controller.CustomizationController
[ERROR] /C:/Users/practicassoftware1/Documents/NetBeansProjects/VentaControlFX/src/main/java/com/mycompany/ventacontrolfx/presentation/controller/CustomizationController.java:[289,17] cannot find symbol
  symbol:   variable cpPrimary
  location: class com.mycompany.ventacontrolfx.presentation.controller.CustomizationController
[ERROR] /C:/Users/practicassoftware1/Documents/NetBeansProjects/VentaControlFX/src/main/java/com/mycompany/ventacontrolfx/presentation/controller/CustomizationController.java:[289,38] cannot find symbol
  symbol:   variable cpPrimary
  location: class com.mycompany.ventacontrolfx.presentation.controller.CustomizationController
[ERROR] /C:/Users/practicassoftware1/Documents/NetBeansProjects/VentaControlFX/src/main/java/com/mycompany/ventacontrolfx/presentation/controller/CustomizationController.java:[290,41] cannot find symbol
  symbol:   variable cpPrimary
  location: class com.mycompany.ventacontrolfx.presentation.controller.CustomizationController
[ERROR] /C:/Users/practicassoftware1/Documents/NetBeansProjects/VentaControlFX/src/main/java/com/mycompany/ventacontrolfx/presentation/controller/CustomizationController.java:[350,21] cannot find symbol
  symbol:   variable cpPrimary
  location: class com.mycompany.ventacontrolfx.presentation.controller.CustomizationController
[ERROR] /C:/Users/practicassoftware1/Documents/NetBeansProjects/VentaControlFX/src/main/java/com/mycompany/ventacontrolfx/presentation/controller/CustomizationController.java:[397,13] cannot find symbol
  symbol:   variable cpPrimary
  location: class com.mycompany.ventacontrolfx.presentation.controller.CustomizationController
[ERROR] /C:/Users/practicassoftware1/Documents/NetBeansProjects/VentaControlFX/src/main/java/com/mycompany/ventacontrolfx/presentation/controller/CustomizationController.java:[397,34] cannot find symbol
  symbol:   variable cpPrimary
  location: class com.mycompany.ventacontrolfx.presentation.controller.CustomizationController
[ERROR] /C:/Users/practicassoftware1/Documents/NetBeansProjects/VentaControlFX/src/main/java/com/mycompany/ventacontrolfx/presentation/controller/CustomizationController.java:[398,24] cannot find symbol
  symbol:   variable cpPrimary
  location: class com.mycompany.ventacontrolfx.presentation.controller.CustomizationController
[ERROR] /C:/Users/practicassoftware1/Documents/NetBeansProjects/VentaControlFX/src/main/java/com/mycompany/ventacontrolfx/presentation/controller/CustomizationController.java:[399,24] cannot find symbol
  symbol:   variable cpPrimary
  location: class com.mycompany.ventacontrolfx.presentation.controller.CustomizationController
[ERROR] /C:/Users/practicassoftware1/Documents/NetBeansProjects/VentaControlFX/src/main/java/com/mycompany/ventacontrolfx/infrastructure/persistence/JdbcSaleRepository.java:[70,43] cannot find symbol
  symbol:   method getTaxAmount()
  location: variable detail of type com.mycompany.ventacontrolfx.domain.model.SaleDetail
[ERROR] /C:/Users/practicassoftware1/Documents/NetBeansProjects/VentaControlFX/src/main/java/com/mycompany/ventacontrolfx/infrastructure/persistence/JdbcSaleRepository.java:[106,27] cannot find symbol
  symbol:   method setTaxAmount(double)
  location: variable detail of type com.mycompany.ventacontrolfx.domain.model.SaleDetail
[INFO] 18 errors 
[INFO] -------------------------------------------------------------
[INFO] ------------------------------------------------------------------------
[INFO] BUILD FAILURE
[INFO] ------------------------------------------------------------------------
[INFO] Total time:  9.705 s
[INFO] Finished at: 2026-03-11T12:40:58+01:00
[INFO] ------------------------------------------------------------------------
[ERROR] Failed to execute goal org.apache.maven.plugins:maven-compiler-plugin:3.10.1:compile (default-compile) on project ventacontrolfx: Compilation failure: Compilation failure: 
[ERROR] /C:/Users/practicassoftware1/Documents/NetBeansProjects/VentaControlFX/src/main/java/com/mycompany/ventacontrolfx/presentation/controller/CustomizationController.java:[130,13] cannot find symbol
[ERROR]   symbol:   variable cpPrimary
[ERROR]   location: class com.mycompany.ventacontrolfx.presentation.controller.CustomizationController
[ERROR] /C:/Users/practicassoftware1/Documents/NetBeansProjects/VentaControlFX/src/main/java/com/mycompany/ventacontrolfx/presentation/controller/CustomizationController.java:[131,13] cannot find symbol
[ERROR]   symbol:   variable cpPrimary
[ERROR]   location: class com.mycompany.ventacontrolfx.presentation.controller.CustomizationController
[ERROR] /C:/Users/practicassoftware1/Documents/NetBeansProjects/VentaControlFX/src/main/java/com/mycompany/ventacontrolfx/presentation/controller/CustomizationController.java:[167,25] cannot find symbol
[ERROR]   symbol:   variable cpPrimary
[ERROR]   location: class com.mycompany.ventacontrolfx.presentation.controller.CustomizationController
[ERROR] /C:/Users/practicassoftware1/Documents/NetBeansProjects/VentaControlFX/src/main/java/com/mycompany/ventacontrolfx/presentation/controller/CustomizationController.java:[211,37] cannot find symbol
[ERROR]   symbol:   variable cpPrimary
[ERROR]   location: class com.mycompany.ventacontrolfx.presentation.controller.CustomizationController
[ERROR] /C:/Users/practicassoftware1/Documents/NetBeansProjects/VentaControlFX/src/main/java/com/mycompany/ventacontrolfx/presentation/controller/CustomizationController.java:[211,58] cannot find symbol
[ERROR]   symbol:   variable cpPrimary
[ERROR]   location: class com.mycompany.ventacontrolfx.presentation.controller.CustomizationController
[ERROR] /C:/Users/practicassoftware1/Documents/NetBeansProjects/VentaControlFX/src/main/java/com/mycompany/ventacontrolfx/presentation/controller/CustomizationController.java:[215,33] cannot find symbol
[ERROR]   symbol:   variable cpPrimary
[ERROR]   location: class com.mycompany.ventacontrolfx.presentation.controller.CustomizationController
[ERROR] /C:/Users/practicassoftware1/Documents/NetBeansProjects/VentaControlFX/src/main/java/com/mycompany/ventacontrolfx/presentation/controller/CustomizationController.java:[220,13] cannot find symbol
[ERROR]   symbol:   variable cpPrimary
[ERROR]   location: class com.mycompany.ventacontrolfx.presentation.controller.CustomizationController
[ERROR] /C:/Users/practicassoftware1/Documents/NetBeansProjects/VentaControlFX/src/main/java/com/mycompany/ventacontrolfx/presentation/controller/CustomizationController.java:[221,45] cannot find symbol
[ERROR]   symbol:   variable cpPrimary
[ERROR]   location: class com.mycompany.ventacontrolfx.presentation.controller.CustomizationController
[ERROR] /C:/Users/practicassoftware1/Documents/NetBeansProjects/VentaControlFX/src/main/java/com/mycompany/ventacontrolfx/presentation/controller/CustomizationController.java:[289,17] cannot find symbol
[ERROR]   symbol:   variable cpPrimary
[ERROR]   location: class com.mycompany.ventacontrolfx.presentation.controller.CustomizationController
[ERROR] /C:/Users/practicassoftware1/Documents/NetBeansProjects/VentaControlFX/src/main/java/com/mycompany/ventacontrolfx/presentation/controller/CustomizationController.java:[289,38] cannot find symbol
[ERROR]   symbol:   variable cpPrimary
[ERROR]   location: class com.mycompany.ventacontrolfx.presentation.controller.CustomizationController
[ERROR] /C:/Users/practicassoftware1/Documents/NetBeansProjects/VentaControlFX/src/main/java/com/mycompany/ventacontrolfx/presentation/controller/CustomizationController.java:[290,41] cannot find symbol
[ERROR]   symbol:   variable cpPrimary
[ERROR]   location: class com.mycompany.ventacontrolfx.presentation.controller.CustomizationController
[ERROR] /C:/Users/practicassoftware1/Documents/NetBeansProjects/VentaControlFX/src/main/java/com/mycompany/ventacontrolfx/presentation/controller/CustomizationController.java:[350,21] cannot find symbol
[ERROR]   symbol:   variable cpPrimary
[ERROR]   location: class com.mycompany.ventacontrolfx.presentation.controller.CustomizationController
[ERROR] /C:/Users/practicassoftware1/Documents/NetBeansProjects/VentaControlFX/src/main/java/com/mycompany/ventacontrolfx/presentation/controller/CustomizationController.java:[397,13] cannot find symbol
[ERROR]   symbol:   variable cpPrimary
[ERROR]   location: class com.mycompany.ventacontrolfx.presentation.controller.CustomizationController
[ERROR] /C:/Users/practicassoftware1/Documents/NetBeansProjects/VentaControlFX/src/main/java/com/mycompany/ventacontrolfx/presentation/controller/CustomizationController.java:[397,34] cannot find symbol
[ERROR]   symbol:   variable cpPrimary
[ERROR]   location: class com.mycompany.ventacontrolfx.presentation.controller.CustomizationController
[ERROR] /C:/Users/practicassoftware1/Documents/NetBeansProjects/VentaControlFX/src/main/java/com/mycompany/ventacontrolfx/presentation/controller/CustomizationController.java:[398,24] cannot find symbol
[ERROR]   symbol:   variable cpPrimary
[ERROR]   location: class com.mycompany.ventacontrolfx.presentation.controller.CustomizationController
[ERROR] /C:/Users/practicassoftware1/Documents/NetBeansProjects/VentaControlFX/src/main/java/com/mycompany/ventacontrolfx/presentation/controller/CustomizationController.java:[399,24] cannot find symbol
[ERROR]   symbol:   variable cpPrimary
[ERROR]   location: class com.mycompany.ventacontrolfx.presentation.controller.CustomizationController
[ERROR] /C:/Users/practicassoftware1/Documents/NetBeansProjects/VentaControlFX/src/main/java/com/mycompany/ventacontrolfx/infrastructure/persistence/JdbcSaleRepository.java:[70,43] cannot find symbol
[ERROR]   symbol:   method getTaxAmount()
[ERROR]   location: variable detail of type com.mycompany.ventacontrolfx.domain.model.SaleDetail
[ERROR] /C:/Users/practicassoftware1/Documents/NetBeansProjects/VentaControlFX/src/main/java/com/mycompany/ventacontrolfx/infrastructure/persistence/JdbcSaleRepository.java:[106,27] cannot find symbol
[ERROR]   symbol:   method setTaxAmount(double)
[ERROR]   location: variable detail of type com.mycompany.ventacontrolfx.domain.model.SaleDetail
[ERROR] -> [Help 1]
[ERROR] 
[ERROR] To see the full stack trace of the errors, re-run Maven with the -e switch.
[ERROR] Re-run Maven using the -X switch to enable full debug logging.
[ERROR] 
[ERROR] For more information about the errors and possible solutions, please read the following articles:
[ERROR] [Help 1] http://cwiki.apache.org/confluence/display/MAVEN/MojoFailureException
